
===========================================================================
report_checks -unconstrained
===========================================================================
======================= nom_tt_025C_1v80 Corner ===================================

No paths found.


===========================================================================
report_checks --slack_max -0.01
============================================================================
======================= nom_tt_025C_1v80 Corner ===================================

No paths found.


===========================================================================
 report_check_types -max_slew -max_cap -max_fanout -violators
============================================================================
======================= nom_tt_025C_1v80 Corner ===================================



===========================================================================
report_parasitic_annotation -report_unannotated
============================================================================
Found 332 unannotated drivers.
 vdda1
 vssa1
 _052_/LO
 _053_/LO
 _054_/LO
 _055_/LO
 _056_/LO
 _057_/LO
 _058_/LO
 _059_/LO
 _060_/LO
 _061_/LO
 _062_/LO
 _063_/LO
 _064_/LO
 _065_/LO
 _066_/LO
 _067_/LO
 _068_/LO
 _069_/LO
 _070_/LO
 _071_/LO
 _072_/LO
 _073_/LO
 _074_/LO
 _075_/LO
 _076_/LO
 _077_/LO
 _078_/LO
 _079_/LO
 _080_/HI
 _081_/HI
 _082_/HI
 _083_/HI
 _084_/HI
 _085_/HI
 _086_/HI
 _087_/HI
 _088_/HI
 _089_/HI
 _090_/HI
 _091_/HI
 _092_/HI
 _093_/HI
 _094_/HI
 _095_/HI
 _096_/HI
 _097_/HI
 _098_/HI
 _099_/HI
 _100_/HI
 _101_/HI
 _102_/HI
 _103_/HI
 gen_east_pads\[0\].pad_gpio_in/AMUXBUS_A
 gen_east_pads\[0\].pad_gpio_in/AMUXBUS_B
 gen_east_pads\[0\].pad_gpio_in/IN
 gen_east_pads\[0\].pad_gpio_in/IN_H
 gen_east_pads\[0\].pad_gpio_in/PAD
 gen_east_pads\[0\].pad_gpio_in/PAD_A_ESD_0_H
 gen_east_pads\[0\].pad_gpio_in/PAD_A_ESD_1_H
 gen_east_pads\[0\].pad_gpio_in/PAD_A_NOESD_H
 gen_east_pads\[0\].pad_gpio_in/TIE_HI_ESD
 gen_east_pads\[0\].pad_gpio_in/TIE_LO_ESD
 gen_east_pads\[1\].pad_gpio_in/AMUXBUS_A
 gen_east_pads\[1\].pad_gpio_in/AMUXBUS_B
 gen_east_pads\[1\].pad_gpio_in/IN
 gen_east_pads\[1\].pad_gpio_in/IN_H
 gen_east_pads\[1\].pad_gpio_in/PAD
 gen_east_pads\[1\].pad_gpio_in/PAD_A_ESD_0_H
 gen_east_pads\[1\].pad_gpio_in/PAD_A_ESD_1_H
 gen_east_pads\[1\].pad_gpio_in/PAD_A_NOESD_H
 gen_east_pads\[1\].pad_gpio_in/TIE_HI_ESD
 gen_east_pads\[1\].pad_gpio_in/TIE_LO_ESD
 gen_east_pads\[2\].pad_gpio_in/AMUXBUS_A
 gen_east_pads\[2\].pad_gpio_in/AMUXBUS_B
 gen_east_pads\[2\].pad_gpio_in/IN
 gen_east_pads\[2\].pad_gpio_in/IN_H
 gen_east_pads\[2\].pad_gpio_in/PAD
 gen_east_pads\[2\].pad_gpio_in/PAD_A_ESD_0_H
 gen_east_pads\[2\].pad_gpio_in/PAD_A_ESD_1_H
 gen_east_pads\[2\].pad_gpio_in/PAD_A_NOESD_H
 gen_east_pads\[2\].pad_gpio_in/TIE_HI_ESD
 gen_east_pads\[2\].pad_gpio_in/TIE_LO_ESD
 gen_east_pads\[3\].pad_gpio_in/AMUXBUS_A
 gen_east_pads\[3\].pad_gpio_in/AMUXBUS_B
 gen_east_pads\[3\].pad_gpio_in/IN
 gen_east_pads\[3\].pad_gpio_in/IN_H
 gen_east_pads\[3\].pad_gpio_in/PAD
 gen_east_pads\[3\].pad_gpio_in/PAD_A_ESD_0_H
 gen_east_pads\[3\].pad_gpio_in/PAD_A_ESD_1_H
 gen_east_pads\[3\].pad_gpio_in/PAD_A_NOESD_H
 gen_east_pads\[3\].pad_gpio_in/TIE_HI_ESD
 gen_east_pads\[3\].pad_gpio_in/TIE_LO_ESD
 gen_east_pads\[4\].pad_gpio_in/AMUXBUS_A
 gen_east_pads\[4\].pad_gpio_in/AMUXBUS_B
 gen_east_pads\[4\].pad_gpio_in/IN
 gen_east_pads\[4\].pad_gpio_in/IN_H
 gen_east_pads\[4\].pad_gpio_in/PAD
 gen_east_pads\[4\].pad_gpio_in/PAD_A_ESD_0_H
 gen_east_pads\[4\].pad_gpio_in/PAD_A_ESD_1_H
 gen_east_pads\[4\].pad_gpio_in/PAD_A_NOESD_H
 gen_east_pads\[4\].pad_gpio_in/TIE_HI_ESD
 gen_east_pads\[4\].pad_gpio_in/TIE_LO_ESD
 gen_east_pads\[5\].pad_gpio_in/AMUXBUS_A
 gen_east_pads\[5\].pad_gpio_in/AMUXBUS_B
 gen_east_pads\[5\].pad_gpio_in/IN
 gen_east_pads\[5\].pad_gpio_in/IN_H
 gen_east_pads\[5\].pad_gpio_in/PAD
 gen_east_pads\[5\].pad_gpio_in/PAD_A_ESD_0_H
 gen_east_pads\[5\].pad_gpio_in/PAD_A_ESD_1_H
 gen_east_pads\[5\].pad_gpio_in/PAD_A_NOESD_H
 gen_east_pads\[5\].pad_gpio_in/TIE_HI_ESD
 gen_east_pads\[5\].pad_gpio_in/TIE_LO_ESD
 gen_east_pads\[6\].pad_gpio_in/AMUXBUS_A
 gen_east_pads\[6\].pad_gpio_in/AMUXBUS_B
 gen_east_pads\[6\].pad_gpio_in/IN
 gen_east_pads\[6\].pad_gpio_in/IN_H
 gen_east_pads\[6\].pad_gpio_in/PAD
 gen_east_pads\[6\].pad_gpio_in/PAD_A_ESD_0_H
 gen_east_pads\[6\].pad_gpio_in/PAD_A_ESD_1_H
 gen_east_pads\[6\].pad_gpio_in/PAD_A_NOESD_H
 gen_east_pads\[6\].pad_gpio_in/TIE_HI_ESD
 gen_east_pads\[6\].pad_gpio_in/TIE_LO_ESD
 gen_east_pads\[7\].pad_gpio_in/AMUXBUS_A
 gen_east_pads\[7\].pad_gpio_in/AMUXBUS_B
 gen_east_pads\[7\].pad_gpio_in/IN
 gen_east_pads\[7\].pad_gpio_in/IN_H
 gen_east_pads\[7\].pad_gpio_in/PAD
 gen_east_pads\[7\].pad_gpio_in/PAD_A_ESD_0_H
 gen_east_pads\[7\].pad_gpio_in/PAD_A_ESD_1_H
 gen_east_pads\[7\].pad_gpio_in/PAD_A_NOESD_H
 gen_east_pads\[7\].pad_gpio_in/TIE_HI_ESD
 gen_east_pads\[7\].pad_gpio_in/TIE_LO_ESD
 gen_south_pads\[0\].pad_gpio_out/AMUXBUS_A
 gen_south_pads\[0\].pad_gpio_out/AMUXBUS_B
 gen_south_pads\[0\].pad_gpio_out/IN
 gen_south_pads\[0\].pad_gpio_out/IN_H
 gen_south_pads\[0\].pad_gpio_out/PAD
 gen_south_pads\[0\].pad_gpio_out/PAD_A_ESD_0_H
 gen_south_pads\[0\].pad_gpio_out/PAD_A_ESD_1_H
 gen_south_pads\[0\].pad_gpio_out/PAD_A_NOESD_H
 gen_south_pads\[0\].pad_gpio_out/TIE_HI_ESD
 gen_south_pads\[0\].pad_gpio_out/TIE_LO_ESD
 gen_south_pads\[1\].pad_gpio_out/AMUXBUS_A
 gen_south_pads\[1\].pad_gpio_out/AMUXBUS_B
 gen_south_pads\[1\].pad_gpio_out/IN
 gen_south_pads\[1\].pad_gpio_out/IN_H
 gen_south_pads\[1\].pad_gpio_out/PAD
 gen_south_pads\[1\].pad_gpio_out/PAD_A_ESD_0_H
 gen_south_pads\[1\].pad_gpio_out/PAD_A_ESD_1_H
 gen_south_pads\[1\].pad_gpio_out/PAD_A_NOESD_H
 gen_south_pads\[1\].pad_gpio_out/TIE_HI_ESD
 gen_south_pads\[1\].pad_gpio_out/TIE_LO_ESD
 gen_south_pads\[2\].pad_gpio_out/AMUXBUS_A
 gen_south_pads\[2\].pad_gpio_out/AMUXBUS_B
 gen_south_pads\[2\].pad_gpio_out/IN
 gen_south_pads\[2\].pad_gpio_out/IN_H
 gen_south_pads\[2\].pad_gpio_out/PAD
 gen_south_pads\[2\].pad_gpio_out/PAD_A_ESD_0_H
 gen_south_pads\[2\].pad_gpio_out/PAD_A_ESD_1_H
 gen_south_pads\[2\].pad_gpio_out/PAD_A_NOESD_H
 gen_south_pads\[2\].pad_gpio_out/TIE_HI_ESD
 gen_south_pads\[2\].pad_gpio_out/TIE_LO_ESD
 gen_south_pads\[3\].pad_gpio_out/AMUXBUS_A
 gen_south_pads\[3\].pad_gpio_out/AMUXBUS_B
 gen_south_pads\[3\].pad_gpio_out/IN
 gen_south_pads\[3\].pad_gpio_out/IN_H
 gen_south_pads\[3\].pad_gpio_out/PAD
 gen_south_pads\[3\].pad_gpio_out/PAD_A_ESD_0_H
 gen_south_pads\[3\].pad_gpio_out/PAD_A_ESD_1_H
 gen_south_pads\[3\].pad_gpio_out/PAD_A_NOESD_H
 gen_south_pads\[3\].pad_gpio_out/TIE_HI_ESD
 gen_south_pads\[3\].pad_gpio_out/TIE_LO_ESD
 gen_south_pads\[4\].pad_gpio_out/AMUXBUS_A
 gen_south_pads\[4\].pad_gpio_out/AMUXBUS_B
 gen_south_pads\[4\].pad_gpio_out/IN
 gen_south_pads\[4\].pad_gpio_out/IN_H
 gen_south_pads\[4\].pad_gpio_out/PAD
 gen_south_pads\[4\].pad_gpio_out/PAD_A_ESD_0_H
 gen_south_pads\[4\].pad_gpio_out/PAD_A_ESD_1_H
 gen_south_pads\[4\].pad_gpio_out/PAD_A_NOESD_H
 gen_south_pads\[4\].pad_gpio_out/TIE_HI_ESD
 gen_south_pads\[4\].pad_gpio_out/TIE_LO_ESD
 gen_south_pads\[5\].pad_gpio_out/AMUXBUS_A
 gen_south_pads\[5\].pad_gpio_out/AMUXBUS_B
 gen_south_pads\[5\].pad_gpio_out/IN
 gen_south_pads\[5\].pad_gpio_out/IN_H
 gen_south_pads\[5\].pad_gpio_out/PAD
 gen_south_pads\[5\].pad_gpio_out/PAD_A_ESD_0_H
 gen_south_pads\[5\].pad_gpio_out/PAD_A_ESD_1_H
 gen_south_pads\[5\].pad_gpio_out/PAD_A_NOESD_H
 gen_south_pads\[5\].pad_gpio_out/TIE_HI_ESD
 gen_south_pads\[5\].pad_gpio_out/TIE_LO_ESD
 gen_south_pads\[6\].pad_gpio_out/AMUXBUS_A
 gen_south_pads\[6\].pad_gpio_out/AMUXBUS_B
 gen_south_pads\[6\].pad_gpio_out/IN
 gen_south_pads\[6\].pad_gpio_out/IN_H
 gen_south_pads\[6\].pad_gpio_out/PAD
 gen_south_pads\[6\].pad_gpio_out/PAD_A_ESD_0_H
 gen_south_pads\[6\].pad_gpio_out/PAD_A_ESD_1_H
 gen_south_pads\[6\].pad_gpio_out/PAD_A_NOESD_H
 gen_south_pads\[6\].pad_gpio_out/TIE_HI_ESD
 gen_south_pads\[6\].pad_gpio_out/TIE_LO_ESD
 gen_south_pads\[7\].pad_gpio_out/AMUXBUS_A
 gen_south_pads\[7\].pad_gpio_out/AMUXBUS_B
 gen_south_pads\[7\].pad_gpio_out/IN
 gen_south_pads\[7\].pad_gpio_out/IN_H
 gen_south_pads\[7\].pad_gpio_out/PAD
 gen_south_pads\[7\].pad_gpio_out/PAD_A_ESD_0_H
 gen_south_pads\[7\].pad_gpio_out/PAD_A_ESD_1_H
 gen_south_pads\[7\].pad_gpio_out/PAD_A_NOESD_H
 gen_south_pads\[7\].pad_gpio_out/TIE_HI_ESD
 gen_south_pads\[7\].pad_gpio_out/TIE_LO_ESD
 gen_west_pads\[0\].pad_analog/AMUXBUS_A
 gen_west_pads\[0\].pad_analog/AMUXBUS_B
 gen_west_pads\[0\].pad_analog/IN
 gen_west_pads\[0\].pad_analog/IN_H
 gen_west_pads\[0\].pad_analog/PAD
 gen_west_pads\[0\].pad_analog/PAD_A_ESD_0_H
 gen_west_pads\[0\].pad_analog/PAD_A_ESD_1_H
 gen_west_pads\[0\].pad_analog/PAD_A_NOESD_H
 gen_west_pads\[0\].pad_analog/TIE_HI_ESD
 gen_west_pads\[0\].pad_analog/TIE_LO_ESD
 gen_west_pads\[1\].pad_analog/AMUXBUS_A
 gen_west_pads\[1\].pad_analog/AMUXBUS_B
 gen_west_pads\[1\].pad_analog/IN
 gen_west_pads\[1\].pad_analog/IN_H
 gen_west_pads\[1\].pad_analog/PAD
 gen_west_pads\[1\].pad_analog/PAD_A_ESD_0_H
 gen_west_pads\[1\].pad_analog/PAD_A_ESD_1_H
 gen_west_pads\[1\].pad_analog/PAD_A_NOESD_H
 gen_west_pads\[1\].pad_analog/TIE_HI_ESD
 gen_west_pads\[1\].pad_analog/TIE_LO_ESD
 gen_west_pads\[2\].pad_analog/AMUXBUS_A
 gen_west_pads\[2\].pad_analog/AMUXBUS_B
 gen_west_pads\[2\].pad_analog/IN
 gen_west_pads\[2\].pad_analog/IN_H
 gen_west_pads\[2\].pad_analog/PAD
 gen_west_pads\[2\].pad_analog/PAD_A_ESD_0_H
 gen_west_pads\[2\].pad_analog/PAD_A_ESD_1_H
 gen_west_pads\[2\].pad_analog/PAD_A_NOESD_H
 gen_west_pads\[2\].pad_analog/TIE_HI_ESD
 gen_west_pads\[2\].pad_analog/TIE_LO_ESD
 gen_west_pads\[3\].pad_analog/AMUXBUS_A
 gen_west_pads\[3\].pad_analog/AMUXBUS_B
 gen_west_pads\[3\].pad_analog/IN
 gen_west_pads\[3\].pad_analog/IN_H
 gen_west_pads\[3\].pad_analog/PAD
 gen_west_pads\[3\].pad_analog/PAD_A_ESD_0_H
 gen_west_pads\[3\].pad_analog/PAD_A_ESD_1_H
 gen_west_pads\[3\].pad_analog/PAD_A_NOESD_H
 gen_west_pads\[3\].pad_analog/TIE_HI_ESD
 gen_west_pads\[3\].pad_analog/TIE_LO_ESD
 gen_west_pads\[4\].pad_analog/AMUXBUS_A
 gen_west_pads\[4\].pad_analog/AMUXBUS_B
 gen_west_pads\[4\].pad_analog/IN
 gen_west_pads\[4\].pad_analog/IN_H
 gen_west_pads\[4\].pad_analog/PAD
 gen_west_pads\[4\].pad_analog/PAD_A_ESD_0_H
 gen_west_pads\[4\].pad_analog/PAD_A_ESD_1_H
 gen_west_pads\[4\].pad_analog/PAD_A_NOESD_H
 gen_west_pads\[4\].pad_analog/TIE_HI_ESD
 gen_west_pads\[4\].pad_analog/TIE_LO_ESD
 gen_west_pads\[5\].pad_analog/AMUXBUS_A
 gen_west_pads\[5\].pad_analog/AMUXBUS_B
 gen_west_pads\[5\].pad_analog/IN
 gen_west_pads\[5\].pad_analog/IN_H
 gen_west_pads\[5\].pad_analog/PAD
 gen_west_pads\[5\].pad_analog/PAD_A_ESD_0_H
 gen_west_pads\[5\].pad_analog/PAD_A_ESD_1_H
 gen_west_pads\[5\].pad_analog/PAD_A_NOESD_H
 gen_west_pads\[5\].pad_analog/TIE_HI_ESD
 gen_west_pads\[5\].pad_analog/TIE_LO_ESD
 gen_west_pads\[6\].pad_analog/AMUXBUS_A
 gen_west_pads\[6\].pad_analog/AMUXBUS_B
 gen_west_pads\[6\].pad_analog/IN
 gen_west_pads\[6\].pad_analog/IN_H
 gen_west_pads\[6\].pad_analog/PAD
 gen_west_pads\[6\].pad_analog/PAD_A_ESD_0_H
 gen_west_pads\[6\].pad_analog/PAD_A_ESD_1_H
 gen_west_pads\[6\].pad_analog/PAD_A_NOESD_H
 gen_west_pads\[6\].pad_analog/TIE_HI_ESD
 gen_west_pads\[6\].pad_analog/TIE_LO_ESD
 gen_west_pads\[7\].pad_analog/AMUXBUS_A
 gen_west_pads\[7\].pad_analog/AMUXBUS_B
 gen_west_pads\[7\].pad_analog/IN
 gen_west_pads\[7\].pad_analog/IN_H
 gen_west_pads\[7\].pad_analog/PAD
 gen_west_pads\[7\].pad_analog/PAD_A_ESD_0_H
 gen_west_pads\[7\].pad_analog/PAD_A_ESD_1_H
 gen_west_pads\[7\].pad_analog/PAD_A_NOESD_H
 gen_west_pads\[7\].pad_analog/TIE_HI_ESD
 gen_west_pads\[7\].pad_analog/TIE_LO_ESD
 pad_clk/AMUXBUS_A
 pad_clk/AMUXBUS_B
 pad_clk/IN
 pad_clk/IN_H
 pad_clk/PAD
 pad_clk/PAD_A_ESD_0_H
 pad_clk/PAD_A_ESD_1_H
 pad_clk/PAD_A_NOESD_H
 pad_clk/TIE_HI_ESD
 pad_clk/TIE_LO_ESD
 pad_rst_n/AMUXBUS_A
 pad_rst_n/AMUXBUS_B
 pad_rst_n/IN
 pad_rst_n/IN_H
 pad_rst_n/PAD
 pad_rst_n/PAD_A_ESD_0_H
 pad_rst_n/PAD_A_ESD_1_H
 pad_rst_n/PAD_A_NOESD_H
 pad_rst_n/TIE_HI_ESD
 pad_rst_n/TIE_LO_ESD
 pad_vccd_aux/AMUXBUS_A
 pad_vccd_aux/AMUXBUS_B
 pad_vccd_aux/P_PAD
 pad_vccd_main/AMUXBUS_A
 pad_vccd_main/AMUXBUS_B
 pad_vccd_main/P_PAD
 pad_vdda_main/AMUXBUS_A
 pad_vdda_main/AMUXBUS_B
 pad_vdda_main/P_PAD
 pad_vssa_main/AMUXBUS_A
 pad_vssa_main/AMUXBUS_B
 pad_vssa_main/G_PAD
 pad_vssd_aux/AMUXBUS_A
 pad_vssd_aux/AMUXBUS_B
 pad_vssd_aux/G_PAD
 pad_vssd_main/AMUXBUS_A
 pad_vssd_main/AMUXBUS_B
 pad_vssd_main/G_PAD
Found 0 partially unannotated drivers.

===========================================================================
max slew violation count 0
Writing metric design__max_slew_violation__count__corner:nom_tt_025C_1v80: 0
max fanout violation count 0
Writing metric design__max_fanout_violation__count__corner:nom_tt_025C_1v80: 0
max cap violation count 0
Writing metric design__max_cap_violation__count__corner:nom_tt_025C_1v80: 0
============================================================================

===========================================================================
check_setup -verbose -unconstrained_endpoints -multiple_clock -no_clock -no_input_delay -loops -generated_clocks
===========================================================================
Warning: There are 2 unconstrained endpoints.
  vdda1
  vssa1
