
===========================================================================
report_checks -unconstrained
===========================================================================
======================= nom_ff_n40C_1v95 Corner ===================================

Startpoint: vccd1 (input port clocked by clk)
Endpoint: gen_east_pads[0].pad_gpio_in/vccd_h (internal pin)
Path Group: unconstrained
Path Type: max

Fanout         Cap        Slew       Delay        Time   Description
---------------------------------------------------------------------------------------------
                                  2.000000    2.000000 ^ input external delay
    64    0.033442    0.117880    0.079948    2.079948 ^ vccd1 (inout)
                                                         vccd1 (net)
                      0.117880    0.000000    2.079948 ^ gen_east_pads[0].pad_gpio_in/vccd_h (sky130_fd_io__top_gpiov2)
                                              2.079948   data arrival time
---------------------------------------------------------------------------------------------
(Path is unconstrained)




===========================================================================
report_checks --slack_max -0.01
============================================================================
======================= nom_ff_n40C_1v95 Corner ===================================

No paths found.


===========================================================================
 report_check_types -max_slew -max_cap -max_fanout -violators
============================================================================
======================= nom_ff_n40C_1v95 Corner ===================================

max fanout

Pin                                   Limit Fanout  Slack
---------------------------------------------------------
vccd1                                    10     64    -54 (VIOLATED)
vdda1                                    10     64    -54 (VIOLATED)
vssa1                                    10     64    -54 (VIOLATED)
vssd1                                    10     64    -54 (VIOLATED)



===========================================================================
report_parasitic_annotation -report_unannotated
============================================================================
Found 108 unannotated drivers.
 vccd1
 vdda1
 vssa1
 vssd1
 _052_/HI
 _052_/LO
 _053_/HI
 _053_/LO
 _054_/HI
 _054_/LO
 _055_/HI
 _055_/LO
 _056_/HI
 _056_/LO
 _057_/HI
 _057_/LO
 _058_/HI
 _058_/LO
 _059_/HI
 _059_/LO
 _060_/HI
 _060_/LO
 _061_/HI
 _061_/LO
 _062_/HI
 _062_/LO
 _063_/HI
 _063_/LO
 _064_/HI
 _064_/LO
 _065_/HI
 _065_/LO
 _066_/HI
 _066_/LO
 _067_/HI
 _067_/LO
 _068_/HI
 _068_/LO
 _069_/HI
 _069_/LO
 _070_/HI
 _070_/LO
 _071_/HI
 _071_/LO
 _072_/HI
 _072_/LO
 _073_/HI
 _073_/LO
 _074_/HI
 _074_/LO
 _075_/HI
 _075_/LO
 _076_/HI
 _076_/LO
 _077_/HI
 _077_/LO
 _078_/HI
 _078_/LO
 _079_/HI
 _079_/LO
 _080_/HI
 _080_/LO
 _081_/HI
 _081_/LO
 _082_/HI
 _082_/LO
 _083_/HI
 _083_/LO
 _084_/HI
 _084_/LO
 _085_/HI
 _085_/LO
 _086_/HI
 _086_/LO
 _087_/HI
 _087_/LO
 _088_/HI
 _088_/LO
 _089_/HI
 _089_/LO
 _090_/HI
 _090_/LO
 _091_/HI
 _091_/LO
 _092_/HI
 _092_/LO
 _093_/HI
 _093_/LO
 _094_/HI
 _094_/LO
 _095_/HI
 _095_/LO
 _096_/HI
 _096_/LO
 _097_/HI
 _097_/LO
 _098_/HI
 _098_/LO
 _099_/HI
 _099_/LO
 _100_/HI
 _100_/LO
 _101_/HI
 _101_/LO
 _102_/HI
 _102_/LO
 _103_/HI
 _103_/LO
Found 0 partially unannotated drivers.

===========================================================================
max slew violation count 0
max fanout violation count 4
max cap violation count 0
============================================================================

===========================================================================
check_setup -verbose -unconstrained_endpoints -multiple_clock -no_clock -no_input_delay -loops -generated_clocks
===========================================================================
Warning: There are 4 unconstrained endpoints.
  vccd1
  vdda1
  vssa1
  vssd1
